MPLINK 4.49, Linker
Linker Map File - Created Sun Jan 23 11:45:11 2022

                                 Section Info
                  Section       Type    Address   Location Size(Bytes)
                ---------  ---------  ---------  ---------  ---------
                   .org_0       code   0x000000    program   0x000000
                   .org_1       code   0x000000    program   0x000004
                   .org_2       code   0x000004    program   0x0001d2
                   .org_3       code   0x000200    program   0x0003fc
                   .org_4       code   0x000400    program   0x00064c
                   .org_5       code   0x000800    program   0x000106
                   .org_6       code   0x001000    program   0x0003be
                   .org_7       code   0x001800    program   0x0002de
                   .org_8       code   0x001c00    program   0x0001a0
                   .org_9       code   0x001d00    program   0x0001ea
                  .org_10       code   0x001e00    program   0x000190
                  .org_11       code   0x001f00    program   0x000200
  .config_2007_NHRC-3_1.O       code   0x002007    program   0x000002
                  .org_12       code   0x002100    program   0x000200



                              Program Memory Usage 
                               Start         End      
                           ---------   ---------      
                            0x000000    0x000001      
                            0x000004    0x0000ec      
                            0x000200    0x0003fd      
                            0x000400    0x000725      
                            0x000800    0x000882      
                            0x001000    0x0011de      
                            0x001800    0x00196e      
                            0x001c00    0x001ccf      
                            0x001d00    0x001df4      
                            0x001e00    0x001ec7      
                            0x001f00    0x001fff      
                            0x002007    0x002007      
                            0x002100    0x0021ff      
            3694 out of 8455 program addresses used, program memory utilization is 43%



                              Symbols - Sorted by Name
                     Name    Address   Location    Storage File                     
                ---------  ---------  ---------  --------- ---------                
                  AlmDone   0x0002fb    program     static C:\nhrc\trunk\nhrc-2.1\sw\nhrc-3_1.asm
                   AlmOff   0x0002f9    program     static C:\nhrc\trunk\nhrc-2.1\sw\nhrc-3_1.asm
                 BeepDone   0x00185d    program     static C:\nhrc\trunk\nhrc-2.1\sw\nhrc-3_1.asm
                  BeepTic   0x0005cc    program     static C:\nhrc\trunk\nhrc-2.1\sw\nhrc-3_1.asm
                   BitTbl   0x001e06    program     static C:\nhrc\trunk\nhrc-2.1\sw\nhrc-3_1.asm
                  CIVGetB   0x0006b8    program     static C:\nhrc\trunk\nhrc-2.1\sw\nhrc-3_1.asm
                  CIVPutB   0x0006e5    program     static C:\nhrc\trunk\nhrc-2.1\sw\nhrc-3_1.asm
                   CWDTbl   0x001c8c    program     static C:\nhrc\trunk\nhrc-2.1\sw\nhrc-3_1.asm
                   CWDone   0x0005b8    program     static C:\nhrc\trunk\nhrc-2.1\sw\nhrc-3_1.asm
                  CWDone1   0x0005be    program     static C:\nhrc\trunk\nhrc-2.1\sw\nhrc-3_1.asm
                  CWKeyUp   0x0005a3    program     static C:\nhrc\trunk\nhrc-2.1\sw\nhrc-3_1.asm
                   CWNext   0x000592    program     static C:\nhrc\trunk\nhrc-2.1\sw\nhrc-3_1.asm
                  CWParms   0x001ebe    program     static C:\nhrc\trunk\nhrc-2.1\sw\nhrc-3_1.asm
                  CWSendr   0x000579    program     static C:\nhrc\trunk\nhrc-2.1\sw\nhrc-3_1.asm
                    CWTbl   0x001c06    program     static C:\nhrc\trunk\nhrc-2.1\sw\nhrc-3_1.asm
                   CWTest   0x0005aa    program     static C:\nhrc\trunk\nhrc-2.1\sw\nhrc-3_1.asm
                   CWWord   0x0005a0    program     static C:\nhrc\trunk\nhrc-2.1\sw\nhrc-3_1.asm
                   CasEnd   0x0005bf    program     static C:\nhrc\trunk\nhrc-2.1\sw\nhrc-3_1.asm
                   Check1   0x00029f    program     static C:\nhrc\trunk\nhrc-2.1\sw\nhrc-3_1.asm
                  Check10   0x000297    program     static C:\nhrc\trunk\nhrc-2.1\sw\nhrc-3_1.asm
                 Check100   0x00028f    program     static C:\nhrc\trunk\nhrc-2.1\sw\nhrc-3_1.asm
                 CheckTic   0x0002a7    program     static C:\nhrc\trunk\nhrc-2.1\sw\nhrc-3_1.asm
                 Chek1000   0x000287    program     static C:\nhrc\trunk\nhrc-2.1\sw\nhrc-3_1.asm
                    ChkID   0x0000b6    program     static C:\nhrc\trunk\nhrc-2.1\sw\nhrc-3_1.asm
                   ChkID1   0x0000bf    program     static C:\nhrc\trunk\nhrc-2.1\sw\nhrc-3_1.asm
                   ChkRec   0x00046b    program     static C:\nhrc\trunk\nhrc-2.1\sw\nhrc-3_1.asm
                  ChkTmrs   0x0004fb    program     static C:\nhrc\trunk\nhrc-2.1\sw\nhrc-3_1.asm
                    ChkTx   0x000567    program     static C:\nhrc\trunk\nhrc-2.1\sw\nhrc-3_1.asm
                   ChkTx0   0x000572    program     static C:\nhrc\trunk\nhrc-2.1\sw\nhrc-3_1.asm
                   ChkTxE   0x000579    program     static C:\nhrc\trunk\nhrc-2.1\sw\nhrc-3_1.asm
                  Ck100mS   0x00050e    program     static C:\nhrc\trunk\nhrc-2.1\sw\nhrc-3_1.asm
                    Ck10S   0x000552    program     static C:\nhrc\trunk\nhrc-2.1\sw\nhrc-3_1.asm
                   Ck10mS   0x0004fe    program     static C:\nhrc\trunk\nhrc-2.1\sw\nhrc-3_1.asm
                     Ck1S   0x000549    program     static C:\nhrc\trunk\nhrc-2.1\sw\nhrc-3_1.asm
                   CkDT0L   0x000328    program     static C:\nhrc\trunk\nhrc-2.1\sw\nhrc-3_1.asm
                  CkDT0LZ   0x000333    program     static C:\nhrc\trunk\nhrc-2.1\sw\nhrc-3_1.asm
                 CkDTDone   0x000336    program     static C:\nhrc\trunk\nhrc-2.1\sw\nhrc-3_1.asm
                    CkDt0   0x0005c1    program     static C:\nhrc\trunk\nhrc-2.1\sw\nhrc-3_1.asm
                     CkI2   0x00033f    program     static C:\nhrc\trunk\nhrc-2.1\sw\nhrc-3_1.asm
                     CkI3   0x00034c    program     static C:\nhrc\trunk\nhrc-2.1\sw\nhrc-3_1.asm
                    CkRx0   0x0002ae    program     static C:\nhrc\trunk\nhrc-2.1\sw\nhrc-3_1.asm
                   CkTone   0x0005bf    program     static C:\nhrc\trunk\nhrc-2.1\sw\nhrc-3_1.asm
                   ClrMem   0x000234    program     static C:\nhrc\trunk\nhrc-2.1\sw\nhrc-3_1.asm
                  CompInL   0x00001d    program     static C:\nhrc\trunk\nhrc-2.1\sw\nhrc-3_1.asm
                  CompInt   0x000014    program     static C:\nhrc\trunk\nhrc-2.1\sw\nhrc-3_1.asm
                  CpyDBth   0x00064f    program     static C:\nhrc\trunk\nhrc-2.1\sw\nhrc-3_1.asm
                  CpyDLow   0x00064c    program     static C:\nhrc\trunk\nhrc-2.1\sw\nhrc-3_1.asm
                  CpyDTMF   0x00063c    program     static C:\nhrc\trunk\nhrc-2.1\sw\nhrc-3_1.asm
                  CpyDtLp   0x000641    program     static C:\nhrc\trunk\nhrc-2.1\sw\nhrc-3_1.asm
                   CtlOpC   0x001048    program     static C:\nhrc\trunk\nhrc-2.1\sw\nhrc-3_1.asm
                  DT0Done   0x000324    program     static C:\nhrc\trunk\nhrc-2.1\sw\nhrc-3_1.asm
                   DT0Odd   0x000323    program     static C:\nhrc\trunk\nhrc-2.1\sw\nhrc-3_1.asm
                  DTEdone   0x000630    program     static C:\nhrc\trunk\nhrc-2.1\sw\nhrc-3_1.asm
                  DTEnext   0x000617    program     static C:\nhrc\trunk\nhrc-2.1\sw\nhrc-3_1.asm
                   DTEval   0x0005f6    program     static C:\nhrc\trunk\nhrc-2.1\sw\nhrc-3_1.asm
                  DTEval1   0x000607    program     static C:\nhrc\trunk\nhrc-2.1\sw\nhrc-3_1.asm
                  DTEvalN   0x00061a    program     static C:\nhrc\trunk\nhrc-2.1\sw\nhrc-3_1.asm
                  DTEvalU   0x00062a    program     static C:\nhrc\trunk\nhrc-2.1\sw\nhrc-3_1.asm
                  DTEvalY   0x000621    program     static C:\nhrc\trunk\nhrc-2.1\sw\nhrc-3_1.asm
                    DeHex   0x0006c5    program     static C:\nhrc\trunk\nhrc-2.1\sw\nhrc-3_1.asm
                   DeHexL   0x0006cb    program     static C:\nhrc\trunk\nhrc-2.1\sw\nhrc-3_1.asm
                    DebRx   0x0002ac    program     static C:\nhrc\trunk\nhrc-2.1\sw\nhrc-3_1.asm
                     DoID   0x000050    program     static C:\nhrc\trunk\nhrc-2.1\sw\nhrc-3_1.asm
                   DoIDCW   0x000086    program     static C:\nhrc\trunk\nhrc-2.1\sw\nhrc-3_1.asm
                   DoIDEu   0x00005a    program     static C:\nhrc\trunk\nhrc-2.1\sw\nhrc-3_1.asm
                   DoIDI1   0x00007d    program     static C:\nhrc\trunk\nhrc-2.1\sw\nhrc-3_1.asm
                  DoIDInt   0x000079    program     static C:\nhrc\trunk\nhrc-2.1\sw\nhrc-3_1.asm
                  DoIDNCW   0x00006c    program     static C:\nhrc\trunk\nhrc-2.1\sw\nhrc-3_1.asm
                  DoIDNor   0x000066    program     static C:\nhrc\trunk\nhrc-2.1\sw\nhrc-3_1.asm
                    DoIDQ   0x000062    program     static C:\nhrc\trunk\nhrc-2.1\sw\nhrc-3_1.asm
                    DoIDS   0x000075    program     static C:\nhrc\trunk\nhrc-2.1\sw\nhrc-3_1.asm
                  DoIDSpc   0x00007f    program     static C:\nhrc\trunk\nhrc-2.1\sw\nhrc-3_1.asm
                  DoIDrst   0x000092    program     static C:\nhrc\trunk\nhrc-2.1\sw\nhrc-3_1.asm
                   DoTail   0x0000c1    program     static C:\nhrc\trunk\nhrc-2.1\sw\nhrc-3_1.asm
                    DtTbl   0x001eae    program     static C:\nhrc\trunk\nhrc-2.1\sw\nhrc-3_1.asm
                  EEWrInt   0x00001e    program     static C:\nhrc\trunk\nhrc-2.1\sw\nhrc-3_1.asm
                   FanCtl   0x000635    program     static C:\nhrc\trunk\nhrc-2.1\sw\nhrc-3_1.asm
                  FixSMsg   0x001089    program     static C:\nhrc\trunk\nhrc-2.1\sw\nhrc-3_1.asm
                  Get100s   0x001e0e    program     static C:\nhrc\trunk\nhrc-2.1\sw\nhrc-3_1.asm
                  GetBeep   0x001852    program     static C:\nhrc\trunk\nhrc-2.1\sw\nhrc-3_1.asm
                  GetCTen   0x00190f    program     static C:\nhrc\trunk\nhrc-2.1\sw\nhrc-3_1.asm
                    GetCW   0x001c00    program     static C:\nhrc\trunk\nhrc-2.1\sw\nhrc-3_1.asm
                   GetCWD   0x001c86    program     static C:\nhrc\trunk\nhrc-2.1\sw\nhrc-3_1.asm
                   GetDN1   0x001909    program     static C:\nhrc\trunk\nhrc-2.1\sw\nhrc-3_1.asm
                   GetDN2   0x001905    program     static C:\nhrc\trunk\nhrc-2.1\sw\nhrc-3_1.asm
                  GetDN99   0x00190d    program     static C:\nhrc\trunk\nhrc-2.1\sw\nhrc-3_1.asm
                  GetDNum   0x0018f3    program     static C:\nhrc\trunk\nhrc-2.1\sw\nhrc-3_1.asm
                   GetHex   0x0006db    program     static C:\nhrc\trunk\nhrc-2.1\sw\nhrc-3_1.asm
                  GetHex1   0x0006e2    program     static C:\nhrc\trunk\nhrc-2.1\sw\nhrc-3_1.asm
                   GetIE1   0x001cbe    program     static C:\nhrc\trunk\nhrc-2.1\sw\nhrc-3_1.asm
                  GetIE1t   0x001cc3    program     static C:\nhrc\trunk\nhrc-2.1\sw\nhrc-3_1.asm
                   GetIE2   0x001cc7    program     static C:\nhrc\trunk\nhrc-2.1\sw\nhrc-3_1.asm
                  GetIE2t   0x001ccc    program     static C:\nhrc\trunk\nhrc-2.1\sw\nhrc-3_1.asm
                   GetIS1   0x001cac    program     static C:\nhrc\trunk\nhrc-2.1\sw\nhrc-3_1.asm
                  GetIS1t   0x001cb1    program     static C:\nhrc\trunk\nhrc-2.1\sw\nhrc-3_1.asm
                   GetIS2   0x001cb5    program     static C:\nhrc\trunk\nhrc-2.1\sw\nhrc-3_1.asm
                  GetIS2t   0x001cba    program     static C:\nhrc\trunk\nhrc-2.1\sw\nhrc-3_1.asm
                  GetMask   0x001e00    program     static C:\nhrc\trunk\nhrc-2.1\sw\nhrc-3_1.asm
                  GetTens   0x001e17    program     static C:\nhrc\trunk\nhrc-2.1\sw\nhrc-3_1.asm
                 GetToneH   0x001e5e    program     static C:\nhrc\trunk\nhrc-2.1\sw\nhrc-3_1.asm
                 GetToneL   0x001e39    program     static C:\nhrc\trunk\nhrc-2.1\sw\nhrc-3_1.asm
                    GtBDT   0x00187f    program     static C:\nhrc\trunk\nhrc-2.1\sw\nhrc-3_1.asm
                    GtBEE   0x001871    program     static C:\nhrc\trunk\nhrc-2.1\sw\nhrc-3_1.asm
                   GtBRAM   0x00187a    program     static C:\nhrc\trunk\nhrc-2.1\sw\nhrc-3_1.asm
                   GtBROM   0x001876    program     static C:\nhrc\trunk\nhrc-2.1\sw\nhrc-3_1.asm
                   GtBeep   0x001866    program     static C:\nhrc\trunk\nhrc-2.1\sw\nhrc-3_1.asm
                  GtBpTbl   0x00186d    program     static C:\nhrc\trunk\nhrc-2.1\sw\nhrc-3_1.asm
                   HangCT   0x000522    program     static C:\nhrc\trunk\nhrc-2.1\sw\nhrc-3_1.asm
                  HangNob   0x00052f    program     static C:\nhrc\trunk\nhrc-2.1\sw\nhrc-3_1.asm
                  HundTbl   0x001e13    program     static C:\nhrc\trunk\nhrc-2.1\sw\nhrc-3_1.asm
                    I256a   0x0000d2    program     static C:\nhrc\trunk\nhrc-2.1\sw\nhrc-3_1.asm
                    ICP2B   0x0003c0    program     static C:\nhrc\trunk\nhrc-2.1\sw\nhrc-3_1.asm
                     ICP7   0x0003df    program     static C:\nhrc\trunk\nhrc-2.1\sw\nhrc-3_1.asm
                  ICPWINT   0x0003fb    program     static C:\nhrc\trunk\nhrc-2.1\sw\nhrc-3_1.asm
                   ICPcmd   0x000371    program     static C:\nhrc\trunk\nhrc-2.1\sw\nhrc-3_1.asm
                  ICPcmd0   0x000387    program     static C:\nhrc\trunk\nhrc-2.1\sw\nhrc-3_1.asm
                  ICPcmd1   0x000388    program     static C:\nhrc\trunk\nhrc-2.1\sw\nhrc-3_1.asm
                  ICPcmd2   0x000397    program     static C:\nhrc\trunk\nhrc-2.1\sw\nhrc-3_1.asm
                  ICPcmd3   0x000399    program     static C:\nhrc\trunk\nhrc-2.1\sw\nhrc-3_1.asm
                  ICPcmd4   0x00039b    program     static C:\nhrc\trunk\nhrc-2.1\sw\nhrc-3_1.asm
                  ICPcmd5   0x0003a4    program     static C:\nhrc\trunk\nhrc-2.1\sw\nhrc-3_1.asm
                  ICPcmd6   0x0003af    program     static C:\nhrc\trunk\nhrc-2.1\sw\nhrc-3_1.asm
                  ICPcmd7   0x0003b3    program     static C:\nhrc\trunk\nhrc-2.1\sw\nhrc-3_1.asm
                  ICPcmd8   0x0003be    program     static C:\nhrc\trunk\nhrc-2.1\sw\nhrc-3_1.asm
                 ICPdelay   0x0003c6    program     static C:\nhrc\trunk\nhrc-2.1\sw\nhrc-3_1.asm
                 ICPerase   0x0003ee    program     static C:\nhrc\trunk\nhrc-2.1\sw\nhrc-3_1.asm
                  ICPplay   0x0003d1    program     static C:\nhrc\trunk\nhrc-2.1\sw\nhrc-3_1.asm
                   ICPrec   0x0003e1    program     static C:\nhrc\trunk\nhrc-2.1\sw\nhrc-3_1.asm
                   ICPtbl   0x000377    program     static C:\nhrc\trunk\nhrc-2.1\sw\nhrc-3_1.asm
                   IIDone   0x000354    program     static C:\nhrc\trunk\nhrc-2.1\sw\nhrc-3_1.asm
                   IQDone   0x0003fd    program     static C:\nhrc\trunk\nhrc-2.1\sw\nhrc-3_1.asm
                  ISDCmd2   0x00193d    program     static C:\nhrc\trunk\nhrc-2.1\sw\nhrc-3_1.asm
                  ISDCmd3   0x001945    program     static C:\nhrc\trunk\nhrc-2.1\sw\nhrc-3_1.asm
                  ISDCmd7   0x001950    program     static C:\nhrc\trunk\nhrc-2.1\sw\nhrc-3_1.asm
                  IdNoAlt   0x000070    program     static C:\nhrc\trunk\nhrc-2.1\sw\nhrc-3_1.asm
                  IdNoTog   0x000073    program     static C:\nhrc\trunk\nhrc-2.1\sw\nhrc-3_1.asm
                  Init256   0x0000ce    program     static C:\nhrc\trunk\nhrc-2.1\sw\nhrc-3_1.asm
                  InitDat   0x001d00    program     static C:\nhrc\trunk\nhrc-2.1\sw\nhrc-3_1.asm
                  InitDl2   0x0000e6    program     static C:\nhrc\trunk\nhrc-2.1\sw\nhrc-3_1.asm
                  InitDly   0x0000e5    program     static C:\nhrc\trunk\nhrc-2.1\sw\nhrc-3_1.asm
                  InitDun   0x00025e    program     static C:\nhrc\trunk\nhrc-2.1\sw\nhrc-3_1.asm
                   InitLp   0x00024f    program     static C:\nhrc\trunk\nhrc-2.1\sw\nhrc-3_1.asm
                  InitPos   0x0000e0    program     static C:\nhrc\trunk\nhrc-2.1\sw\nhrc-3_1.asm
                  InitTbl   0x001d05    program     static C:\nhrc\trunk\nhrc-2.1\sw\nhrc-3_1.asm
                  IntExit   0x000047    program     static C:\nhrc\trunk\nhrc-2.1\sw\nhrc-3_1.asm
                 IntHndlr   0x000002    program     static C:\nhrc\trunk\nhrc-2.1\sw\nhrc-3_1.asm
                 KillBeep   0x00184d    program     static C:\nhrc\trunk\nhrc-2.1\sw\nhrc-3_1.asm
                     LCmd   0x000800    program     static C:\nhrc\trunk\nhrc-2.1\sw\nhrc-3_1.asm
                    LCmd0   0x00080d    program     static C:\nhrc\trunk\nhrc-2.1\sw\nhrc-3_1.asm
                   LCmd0x   0x000811    program     static C:\nhrc\trunk\nhrc-2.1\sw\nhrc-3_1.asm
                    LCmd1   0x000833    program     static C:\nhrc\trunk\nhrc-2.1\sw\nhrc-3_1.asm
                   LCmd10   0x000845    program     static C:\nhrc\trunk\nhrc-2.1\sw\nhrc-3_1.asm
                    LCmd2   0x00084a    program     static C:\nhrc\trunk\nhrc-2.1\sw\nhrc-3_1.asm
                    LCmd3   0x00085c    program     static C:\nhrc\trunk\nhrc-2.1\sw\nhrc-3_1.asm
                    LCmd4   0x000869    program     static C:\nhrc\trunk\nhrc-2.1\sw\nhrc-3_1.asm
                    LCmd5   0x00086a    program     static C:\nhrc\trunk\nhrc-2.1\sw\nhrc-3_1.asm
                    LCmd6   0x00086b    program     static C:\nhrc\trunk\nhrc-2.1\sw\nhrc-3_1.asm
                    LCmd7   0x00086c    program     static C:\nhrc\trunk\nhrc-2.1\sw\nhrc-3_1.asm
                  LCmdErr   0x000875    program     static C:\nhrc\trunk\nhrc-2.1\sw\nhrc-3_1.asm
                   LCmdOK   0x00087c    program     static C:\nhrc\trunk\nhrc-2.1\sw\nhrc-3_1.asm
                   LTable   0x000805    program     static C:\nhrc\trunk\nhrc-2.1\sw\nhrc-3_1.asm
                  LoadCtl   0x0018e0    program     static C:\nhrc\trunk\nhrc-2.1\sw\nhrc-3_1.asm
                    Loop0   0x000285    program     static C:\nhrc\trunk\nhrc-2.1\sw\nhrc-3_1.asm
                    Loop1   0x0002ac    program     static C:\nhrc\trunk\nhrc-2.1\sw\nhrc-3_1.asm
                   LoopE1   0x00063b    program     static C:\nhrc\trunk\nhrc-2.1\sw\nhrc-3_1.asm
                  LoopEnd   0x000633    program     static C:\nhrc\trunk\nhrc-2.1\sw\nhrc-3_1.asm
                   M0ORec   0x000427    program     static C:\nhrc\trunk\nhrc-2.1\sw\nhrc-3_1.asm
                    Main0   0x000409    program     static C:\nhrc\trunk\nhrc-2.1\sw\nhrc-3_1.asm
                   Main00   0x00043b    program     static C:\nhrc\trunk\nhrc-2.1\sw\nhrc-3_1.asm
                  Main00a   0x00044a    program     static C:\nhrc\trunk\nhrc-2.1\sw\nhrc-3_1.asm
                  Main00e   0x000443    program     static C:\nhrc\trunk\nhrc-2.1\sw\nhrc-3_1.asm
                   Main01   0x000479    program     static C:\nhrc\trunk\nhrc-2.1\sw\nhrc-3_1.asm
                   Main0R   0x00041f    program     static C:\nhrc\trunk\nhrc-2.1\sw\nhrc-3_1.asm
                  Main0on   0x00042e    program     static C:\nhrc\trunk\nhrc-2.1\sw\nhrc-3_1.asm
                    Main1   0x000486    program     static C:\nhrc\trunk\nhrc-2.1\sw\nhrc-3_1.asm
                   Main10   0x0004aa    program     static C:\nhrc\trunk\nhrc-2.1\sw\nhrc-3_1.asm
                  Main10X   0x0004b7    program     static C:\nhrc\trunk\nhrc-2.1\sw\nhrc-3_1.asm
                  Main10a   0x0004c4    program     static C:\nhrc\trunk\nhrc-2.1\sw\nhrc-3_1.asm
                  Main10h   0x0004cb    program     static C:\nhrc\trunk\nhrc-2.1\sw\nhrc-3_1.asm
                  Main10m   0x0004b3    program     static C:\nhrc\trunk\nhrc-2.1\sw\nhrc-3_1.asm
                  Main10s   0x0004cd    program     static C:\nhrc\trunk\nhrc-2.1\sw\nhrc-3_1.asm
                 Main1Off   0x0004a9    program     static C:\nhrc\trunk\nhrc-2.1\sw\nhrc-3_1.asm
                  Main1TO   0x0004a6    program     static C:\nhrc\trunk\nhrc-2.1\sw\nhrc-3_1.asm
                   Main1X   0x00049c    program     static C:\nhrc\trunk\nhrc-2.1\sw\nhrc-3_1.asm
                    Main2   0x0004ce    program     static C:\nhrc\trunk\nhrc-2.1\sw\nhrc-3_1.asm
                 Main2Off   0x0004d2    program     static C:\nhrc\trunk\nhrc-2.1\sw\nhrc-3_1.asm
                  Main2Py   0x0004e2    program     static C:\nhrc\trunk\nhrc-2.1\sw\nhrc-3_1.asm
                  Main2Sx   0x0004df    program     static C:\nhrc\trunk\nhrc-2.1\sw\nhrc-3_1.asm
                  Main2TO   0x0004e1    program     static C:\nhrc\trunk\nhrc-2.1\sw\nhrc-3_1.asm
                    Main3   0x0004e4    program     static C:\nhrc\trunk\nhrc-2.1\sw\nhrc-3_1.asm
                  Main3OK   0x0004ee    program     static C:\nhrc\trunk\nhrc-2.1\sw\nhrc-3_1.asm
                 Main3Off   0x0004e7    program     static C:\nhrc\trunk\nhrc-2.1\sw\nhrc-3_1.asm
                    Main4   0x0004f5    program     static C:\nhrc\trunk\nhrc-2.1\sw\nhrc-3_1.asm
                   MainLp   0x000400    program     static C:\nhrc\trunk\nhrc-2.1\sw\nhrc-3_1.asm
                   MainUM   0x000479    program     static C:\nhrc\trunk\nhrc-2.1\sw\nhrc-3_1.asm
                  MapDTMF   0x001ea9    program     static C:\nhrc\trunk\nhrc-2.1\sw\nhrc-3_1.asm
                 MesgTabl   0x001e83    program     static C:\nhrc\trunk\nhrc-2.1\sw\nhrc-3_1.asm
                    MlTbl   0x000404    program     static C:\nhrc\trunk\nhrc-2.1\sw\nhrc-3_1.asm
                   MsgNum   0x00192e    program     static C:\nhrc\trunk\nhrc-2.1\sw\nhrc-3_1.asm
                  MsgNumN   0x001938    program     static C:\nhrc\trunk\nhrc-2.1\sw\nhrc-3_1.asm
                   MsgTbl   0x001e89    program     static C:\nhrc\trunk\nhrc-2.1\sw\nhrc-3_1.asm
                   Mult10   0x001925    program     static C:\nhrc\trunk\nhrc-2.1\sw\nhrc-3_1.asm
                    NBeep   0x0005d4    program     static C:\nhrc\trunk\nhrc-2.1\sw\nhrc-3_1.asm
                  NIsdTmr   0x00035a    program     static C:\nhrc\trunk\nhrc-2.1\sw\nhrc-3_1.asm
                  NewPlay   0x000707    program     static C:\nhrc\trunk\nhrc-2.1\sw\nhrc-3_1.asm
                  NoAlTmr   0x000567    program     static C:\nhrc\trunk\nhrc-2.1\sw\nhrc-3_1.asm
                    NoAlm   0x0002f4    program     static C:\nhrc\trunk\nhrc-2.1\sw\nhrc-3_1.asm
                     NoCW   0x0005bf    program     static C:\nhrc\trunk\nhrc-2.1\sw\nhrc-3_1.asm
                  NoDTATm   0x000567    program     static C:\nhrc\trunk\nhrc-2.1\sw\nhrc-3_1.asm
                    NoDeb   0x0002fb    program     static C:\nhrc\trunk\nhrc-2.1\sw\nhrc-3_1.asm
                  NoFanTm   0x000562    program     static C:\nhrc\trunk\nhrc-2.1\sw\nhrc-3_1.asm
                   NoHang   0x000542    program     static C:\nhrc\trunk\nhrc-2.1\sw\nhrc-3_1.asm
                  NoIDTmr   0x00055a    program     static C:\nhrc\trunk\nhrc-2.1\sw\nhrc-3_1.asm
                  NoMutTm   0x000549    program     static C:\nhrc\trunk\nhrc-2.1\sw\nhrc-3_1.asm
                   NoTime   0x0005df    program     static C:\nhrc\trunk\nhrc-2.1\sw\nhrc-3_1.asm
                   NoTimr   0x000567    program     static C:\nhrc\trunk\nhrc-2.1\sw\nhrc-3_1.asm
                  NoULTmr   0x000552    program     static C:\nhrc\trunk\nhrc-2.1\sw\nhrc-3_1.asm
                  NormRec   0x000470    program     static C:\nhrc\trunk\nhrc-2.1\sw\nhrc-3_1.asm
                   PTTfan   0x001891    program     static C:\nhrc\trunk\nhrc-2.1\sw\nhrc-3_1.asm
                  PTTinit   0x00188b    program     static C:\nhrc\trunk\nhrc-2.1\sw\nhrc-3_1.asm
                   PTToff   0x001896    program     static C:\nhrc\trunk\nhrc-2.1\sw\nhrc-3_1.asm
                    PTTon   0x001881    program     static C:\nhrc\trunk\nhrc-2.1\sw\nhrc-3_1.asm
                   PTTset   0x00188c    program     static C:\nhrc\trunk\nhrc-2.1\sw\nhrc-3_1.asm
                   PfxDT0   0x0005e2    program     static C:\nhrc\trunk\nhrc-2.1\sw\nhrc-3_1.asm
                   PlayCT   0x001829    program     static C:\nhrc\trunk\nhrc-2.1\sw\nhrc-3_1.asm
                  PlayCT1   0x001847    program     static C:\nhrc\trunk\nhrc-2.1\sw\nhrc-3_1.asm
                  PlayCTx   0x00181d    program     static C:\nhrc\trunk\nhrc-2.1\sw\nhrc-3_1.asm
                   PlayCW   0x001800    program     static C:\nhrc\trunk\nhrc-2.1\sw\nhrc-3_1.asm
                  PlayCWe   0x00180d    program     static C:\nhrc\trunk\nhrc-2.1\sw\nhrc-3_1.asm
                   PlayTl   0x0000c4    program     static C:\nhrc\trunk\nhrc-2.1\sw\nhrc-3_1.asm
                  PulsEnd   0x00050e    program     static C:\nhrc\trunk\nhrc-2.1\sw\nhrc-3_1.asm
                   PutEEB   0x001919    program     static C:\nhrc\trunk\nhrc-2.1\sw\nhrc-3_1.asm
                   QISDC2   0x000718    program     static C:\nhrc\trunk\nhrc-2.1\sw\nhrc-3_1.asm
                  QISDCmd   0x00070f    program     static C:\nhrc\trunk\nhrc-2.1\sw\nhrc-3_1.asm
                  Rcv0Off   0x0000a0    program     static C:\nhrc\trunk\nhrc-2.1\sw\nhrc-3_1.asm
                    RdDT0   0x000305    program     static C:\nhrc\trunk\nhrc-2.1\sw\nhrc-3_1.asm
                   RdDT0m   0x00030a    program     static C:\nhrc\trunk\nhrc-2.1\sw\nhrc-3_1.asm
                   ReadEE   0x0018a1    program     static C:\nhrc\trunk\nhrc-2.1\sw\nhrc-3_1.asm
                  ReadEEd   0x0018a4    program     static C:\nhrc\trunk\nhrc-2.1\sw\nhrc-3_1.asm
                  ReadEEw   0x0018ab    program     static C:\nhrc\trunk\nhrc-2.1\sw\nhrc-3_1.asm
                  RecEnd1   0x0004bb    program     static C:\nhrc\trunk\nhrc-2.1\sw\nhrc-3_1.asm
                  ResetTC   0x0000c5    program     static C:\nhrc\trunk\nhrc-2.1\sw\nhrc-3_1.asm
                  Rx00Dbc   0x0002e0    program     static C:\nhrc\trunk\nhrc-2.1\sw\nhrc-3_1.asm
                  Rx01Dbc   0x0002d0    program     static C:\nhrc\trunk\nhrc-2.1\sw\nhrc-3_1.asm
                  Rx0COR1   0x0002b5    program     static C:\nhrc\trunk\nhrc-2.1\sw\nhrc-3_1.asm
                  Rx0CkPL   0x0002bf    program     static C:\nhrc\trunk\nhrc-2.1\sw\nhrc-3_1.asm
                  Rx0Done   0x0002ea    program     static C:\nhrc\trunk\nhrc-2.1\sw\nhrc-3_1.asm
                    Rx0NC   0x0002e9    program     static C:\nhrc\trunk\nhrc-2.1\sw\nhrc-3_1.asm
                   Rx0Off   0x0002d4    program     static C:\nhrc\trunk\nhrc-2.1\sw\nhrc-3_1.asm
                    Rx0On   0x0002c1    program     static C:\nhrc\trunk\nhrc-2.1\sw\nhrc-3_1.asm
                  Rx0SDeb   0x0002ce    program     static C:\nhrc\trunk\nhrc-2.1\sw\nhrc-3_1.asm
                    SCEnd   0x0006b5    program     static C:\nhrc\trunk\nhrc-2.1\sw\nhrc-3_1.asm
                   SCProc   0x000658    program     static C:\nhrc\trunk\nhrc-2.1\sw\nhrc-3_1.asm
                   SCRead   0x000691    program     static C:\nhrc\trunk\nhrc-2.1\sw\nhrc-3_1.asm
                  SCReadL   0x0006a6    program     static C:\nhrc\trunk\nhrc-2.1\sw\nhrc-3_1.asm
                   SCSNAK   0x000688    program     static C:\nhrc\trunk\nhrc-2.1\sw\nhrc-3_1.asm
                  SCWLoop   0x00066c    program     static C:\nhrc\trunk\nhrc-2.1\sw\nhrc-3_1.asm
                  SCWrite   0x000665    program     static C:\nhrc\trunk\nhrc-2.1\sw\nhrc-3_1.asm
                  SRcvInt   0x000021    program     static C:\nhrc\trunk\nhrc-2.1\sw\nhrc-3_1.asm
                  SXmtInt   0x000034    program     static C:\nhrc\trunk\nhrc-2.1\sw\nhrc-3_1.asm
                  SendSPI   0x001968    program     static C:\nhrc\trunk\nhrc-2.1\sw\nhrc-3_1.asm
                   SerOut   0x0006f1    program     static C:\nhrc\trunk\nhrc-2.1\sw\nhrc-3_1.asm
                  SetBeep   0x001863    program     static C:\nhrc\trunk\nhrc-2.1\sw\nhrc-3_1.asm
                   SetDig   0x001093    program     static C:\nhrc\trunk\nhrc-2.1\sw\nhrc-3_1.asm
                  SetHang   0x0000a6    program     static C:\nhrc\trunk\nhrc-2.1\sw\nhrc-3_1.asm
                  SetTone   0x001e2c    program     static C:\nhrc\trunk\nhrc-2.1\sw\nhrc-3_1.asm
                   SimRec   0x000475    program     static C:\nhrc\trunk\nhrc-2.1\sw\nhrc-3_1.asm
                  SndByte   0x0006cf    program     static C:\nhrc\trunk\nhrc-2.1\sw\nhrc-3_1.asm
                    Start   0x000200    program     static C:\nhrc\trunk\nhrc-2.1\sw\nhrc-3_1.asm
                   Start1   0x000261    program     static C:\nhrc\trunk\nhrc-2.1\sw\nhrc-3_1.asm
                   Start2   0x000269    program     static C:\nhrc\trunk\nhrc-2.1\sw\nhrc-3_1.asm
                    Stomp   0x000453    program     static C:\nhrc\trunk\nhrc-2.1\sw\nhrc-3_1.asm
                   Stomp1   0x000463    program     static C:\nhrc\trunk\nhrc-2.1\sw\nhrc-3_1.asm
                  StompNS   0x00045c    program     static C:\nhrc\trunk\nhrc-2.1\sw\nhrc-3_1.asm
                 StopTone   0x001e37    program     static C:\nhrc\trunk\nhrc-2.1\sw\nhrc-3_1.asm
                   TenTbl   0x001e1c    program     static C:\nhrc\trunk\nhrc-2.1\sw\nhrc-3_1.asm
                  TimrInt   0x00000e    program     static C:\nhrc\trunk\nhrc-2.1\sw\nhrc-3_1.asm
                   TnTblH   0x001e63    program     static C:\nhrc\trunk\nhrc-2.1\sw\nhrc-3_1.asm
                   TnTblL   0x001e3e    program     static C:\nhrc\trunk\nhrc-2.1\sw\nhrc-3_1.asm
                  TonDone   0x0005c7    program     static C:\nhrc\trunk\nhrc-2.1\sw\nhrc-3_1.asm
                    UC70R   0x001186    program     static C:\nhrc\trunk\nhrc-2.1\sw\nhrc-3_1.asm
                   UC70RL   0x00118d    program     static C:\nhrc\trunk\nhrc-2.1\sw\nhrc-3_1.asm
                    UC71P   0x001143    program     static C:\nhrc\trunk\nhrc-2.1\sw\nhrc-3_1.asm
                    UC71R   0x00114b    program     static C:\nhrc\trunk\nhrc-2.1\sw\nhrc-3_1.asm
                   UC71RL   0x00115f    program     static C:\nhrc\trunk\nhrc-2.1\sw\nhrc-3_1.asm
                  ULTable   0x001022    program     static C:\nhrc\trunk\nhrc-2.1\sw\nhrc-3_1.asm
                   USMode   0x000539    program     static C:\nhrc\trunk\nhrc-2.1\sw\nhrc-3_1.asm
                   UTIntD   0x000044    program     static C:\nhrc\trunk\nhrc-2.1\sw\nhrc-3_1.asm
                  UlCm011   0x001082    program     static C:\nhrc\trunk\nhrc-2.1\sw\nhrc-3_1.asm
                  UlCm0ND   0x001081    program     static C:\nhrc\trunk\nhrc-2.1\sw\nhrc-3_1.asm
                    UlCmd   0x001000    program     static C:\nhrc\trunk\nhrc-2.1\sw\nhrc-3_1.asm
                   UlCmd0   0x001032    program     static C:\nhrc\trunk\nhrc-2.1\sw\nhrc-3_1.asm
                  UlCmd01   0x00106d    program     static C:\nhrc\trunk\nhrc-2.1\sw\nhrc-3_1.asm
                  UlCmd0I   0x00109c    program     static C:\nhrc\trunk\nhrc-2.1\sw\nhrc-3_1.asm
                   UlCmd1   0x0010ad    program     static C:\nhrc\trunk\nhrc-2.1\sw\nhrc-3_1.asm
                   UlCmd2   0x0010c7    program     static C:\nhrc\trunk\nhrc-2.1\sw\nhrc-3_1.asm
                  UlCmd2P   0x0010eb    program     static C:\nhrc\trunk\nhrc-2.1\sw\nhrc-3_1.asm
                   UlCmd3   0x0010fc    program     static C:\nhrc\trunk\nhrc-2.1\sw\nhrc-3_1.asm
                  UlCmd3a   0x001125    program     static C:\nhrc\trunk\nhrc-2.1\sw\nhrc-3_1.asm
                   UlCmd4   0x00112b    program     static C:\nhrc\trunk\nhrc-2.1\sw\nhrc-3_1.asm
                   UlCmd5   0x00112c    program     static C:\nhrc\trunk\nhrc-2.1\sw\nhrc-3_1.asm
                   UlCmd6   0x00112d    program     static C:\nhrc\trunk\nhrc-2.1\sw\nhrc-3_1.asm
                   UlCmd7   0x00112e    program     static C:\nhrc\trunk\nhrc-2.1\sw\nhrc-3_1.asm
                  UlCmd70   0x00117b    program     static C:\nhrc\trunk\nhrc-2.1\sw\nhrc-3_1.asm
                  UlCmd71   0x001136    program     static C:\nhrc\trunk\nhrc-2.1\sw\nhrc-3_1.asm
                   UlCmd8   0x0011a7    program     static C:\nhrc\trunk\nhrc-2.1\sw\nhrc-3_1.asm
                  UlCmd8P   0x0011c2    program     static C:\nhrc\trunk\nhrc-2.1\sw\nhrc-3_1.asm
                   UlCmd9   0x0011d1    program     static C:\nhrc\trunk\nhrc-2.1\sw\nhrc-3_1.asm
                   UlCmdA   0x0011d1    program     static C:\nhrc\trunk\nhrc-2.1\sw\nhrc-3_1.asm
                   UlCmdB   0x0011d1    program     static C:\nhrc\trunk\nhrc-2.1\sw\nhrc-3_1.asm
                   UlCmdC   0x0011d1    program     static C:\nhrc\trunk\nhrc-2.1\sw\nhrc-3_1.asm
                   UlCmdD   0x0011d1    program     static C:\nhrc\trunk\nhrc-2.1\sw\nhrc-3_1.asm
                   UlCmdE   0x0011d2    program     static C:\nhrc\trunk\nhrc-2.1\sw\nhrc-3_1.asm
                   UlCmdF   0x0011d3    program     static C:\nhrc\trunk\nhrc-2.1\sw\nhrc-3_1.asm
                  UlCmdNG   0x0011d8    program     static C:\nhrc\trunk\nhrc-2.1\sw\nhrc-3_1.asm
                 UlCmdNGx   0x0011d6    program     static C:\nhrc\trunk\nhrc-2.1\sw\nhrc-3_1.asm
                  UlCmdOK   0x0011d4    program     static C:\nhrc\trunk\nhrc-2.1\sw\nhrc-3_1.asm
                    UlErr   0x0011d9    program     static C:\nhrc\trunk\nhrc-2.1\sw\nhrc-3_1.asm
                   UlStar   0x001017    program     static C:\nhrc\trunk\nhrc-2.1\sw\nhrc-3_1.asm
                  WaitSPI   0x00196a    program     static C:\nhrc\trunk\nhrc-2.1\sw\nhrc-3_1.asm
                   WrEELp   0x0018bd    program     static C:\nhrc\trunk\nhrc-2.1\sw\nhrc-3_1.asm
                   WritEd   0x0018c5    program     static C:\nhrc\trunk\nhrc-2.1\sw\nhrc-3_1.asm
                  WriteEE   0x0018ba    program     static C:\nhrc\trunk\nhrc-2.1\sw\nhrc-3_1.asm
                  WriteEl   0x0018da    program     static C:\nhrc\trunk\nhrc-2.1\sw\nhrc-3_1.asm
                  WriteEw   0x0018c4    program     static C:\nhrc\trunk\nhrc-2.1\sw\nhrc-3_1.asm
                   XPfxDT   0x0005f5    program     static C:\nhrc\trunk\nhrc-2.1\sw\nhrc-3_1.asm



                              Symbols - Sorted by Address
                     Name    Address   Location    Storage File                     
                ---------  ---------  ---------  --------- ---------                
                 IntHndlr   0x000002    program     static C:\nhrc\trunk\nhrc-2.1\sw\nhrc-3_1.asm
                  TimrInt   0x00000e    program     static C:\nhrc\trunk\nhrc-2.1\sw\nhrc-3_1.asm
                  CompInt   0x000014    program     static C:\nhrc\trunk\nhrc-2.1\sw\nhrc-3_1.asm
                  CompInL   0x00001d    program     static C:\nhrc\trunk\nhrc-2.1\sw\nhrc-3_1.asm
                  EEWrInt   0x00001e    program     static C:\nhrc\trunk\nhrc-2.1\sw\nhrc-3_1.asm
                  SRcvInt   0x000021    program     static C:\nhrc\trunk\nhrc-2.1\sw\nhrc-3_1.asm
                  SXmtInt   0x000034    program     static C:\nhrc\trunk\nhrc-2.1\sw\nhrc-3_1.asm
                   UTIntD   0x000044    program     static C:\nhrc\trunk\nhrc-2.1\sw\nhrc-3_1.asm
                  IntExit   0x000047    program     static C:\nhrc\trunk\nhrc-2.1\sw\nhrc-3_1.asm
                     DoID   0x000050    program     static C:\nhrc\trunk\nhrc-2.1\sw\nhrc-3_1.asm
                   DoIDEu   0x00005a    program     static C:\nhrc\trunk\nhrc-2.1\sw\nhrc-3_1.asm
                    DoIDQ   0x000062    program     static C:\nhrc\trunk\nhrc-2.1\sw\nhrc-3_1.asm
                  DoIDNor   0x000066    program     static C:\nhrc\trunk\nhrc-2.1\sw\nhrc-3_1.asm
                  DoIDNCW   0x00006c    program     static C:\nhrc\trunk\nhrc-2.1\sw\nhrc-3_1.asm
                  IdNoAlt   0x000070    program     static C:\nhrc\trunk\nhrc-2.1\sw\nhrc-3_1.asm
                  IdNoTog   0x000073    program     static C:\nhrc\trunk\nhrc-2.1\sw\nhrc-3_1.asm
                    DoIDS   0x000075    program     static C:\nhrc\trunk\nhrc-2.1\sw\nhrc-3_1.asm
                  DoIDInt   0x000079    program     static C:\nhrc\trunk\nhrc-2.1\sw\nhrc-3_1.asm
                   DoIDI1   0x00007d    program     static C:\nhrc\trunk\nhrc-2.1\sw\nhrc-3_1.asm
                  DoIDSpc   0x00007f    program     static C:\nhrc\trunk\nhrc-2.1\sw\nhrc-3_1.asm
                   DoIDCW   0x000086    program     static C:\nhrc\trunk\nhrc-2.1\sw\nhrc-3_1.asm
                  DoIDrst   0x000092    program     static C:\nhrc\trunk\nhrc-2.1\sw\nhrc-3_1.asm
                  Rcv0Off   0x0000a0    program     static C:\nhrc\trunk\nhrc-2.1\sw\nhrc-3_1.asm
                  SetHang   0x0000a6    program     static C:\nhrc\trunk\nhrc-2.1\sw\nhrc-3_1.asm
                    ChkID   0x0000b6    program     static C:\nhrc\trunk\nhrc-2.1\sw\nhrc-3_1.asm
                   ChkID1   0x0000bf    program     static C:\nhrc\trunk\nhrc-2.1\sw\nhrc-3_1.asm
                   DoTail   0x0000c1    program     static C:\nhrc\trunk\nhrc-2.1\sw\nhrc-3_1.asm
                   PlayTl   0x0000c4    program     static C:\nhrc\trunk\nhrc-2.1\sw\nhrc-3_1.asm
                  ResetTC   0x0000c5    program     static C:\nhrc\trunk\nhrc-2.1\sw\nhrc-3_1.asm
                  Init256   0x0000ce    program     static C:\nhrc\trunk\nhrc-2.1\sw\nhrc-3_1.asm
                    I256a   0x0000d2    program     static C:\nhrc\trunk\nhrc-2.1\sw\nhrc-3_1.asm
                  InitPos   0x0000e0    program     static C:\nhrc\trunk\nhrc-2.1\sw\nhrc-3_1.asm
                  InitDly   0x0000e5    program     static C:\nhrc\trunk\nhrc-2.1\sw\nhrc-3_1.asm
                  InitDl2   0x0000e6    program     static C:\nhrc\trunk\nhrc-2.1\sw\nhrc-3_1.asm
                    Start   0x000200    program     static C:\nhrc\trunk\nhrc-2.1\sw\nhrc-3_1.asm
                   ClrMem   0x000234    program     static C:\nhrc\trunk\nhrc-2.1\sw\nhrc-3_1.asm
                   InitLp   0x00024f    program     static C:\nhrc\trunk\nhrc-2.1\sw\nhrc-3_1.asm
                  InitDun   0x00025e    program     static C:\nhrc\trunk\nhrc-2.1\sw\nhrc-3_1.asm
                   Start1   0x000261    program     static C:\nhrc\trunk\nhrc-2.1\sw\nhrc-3_1.asm
                   Start2   0x000269    program     static C:\nhrc\trunk\nhrc-2.1\sw\nhrc-3_1.asm
                    Loop0   0x000285    program     static C:\nhrc\trunk\nhrc-2.1\sw\nhrc-3_1.asm
                 Chek1000   0x000287    program     static C:\nhrc\trunk\nhrc-2.1\sw\nhrc-3_1.asm
                 Check100   0x00028f    program     static C:\nhrc\trunk\nhrc-2.1\sw\nhrc-3_1.asm
                  Check10   0x000297    program     static C:\nhrc\trunk\nhrc-2.1\sw\nhrc-3_1.asm
                   Check1   0x00029f    program     static C:\nhrc\trunk\nhrc-2.1\sw\nhrc-3_1.asm
                 CheckTic   0x0002a7    program     static C:\nhrc\trunk\nhrc-2.1\sw\nhrc-3_1.asm
                    DebRx   0x0002ac    program     static C:\nhrc\trunk\nhrc-2.1\sw\nhrc-3_1.asm
                    Loop1   0x0002ac    program     static C:\nhrc\trunk\nhrc-2.1\sw\nhrc-3_1.asm
                    CkRx0   0x0002ae    program     static C:\nhrc\trunk\nhrc-2.1\sw\nhrc-3_1.asm
                  Rx0COR1   0x0002b5    program     static C:\nhrc\trunk\nhrc-2.1\sw\nhrc-3_1.asm
                  Rx0CkPL   0x0002bf    program     static C:\nhrc\trunk\nhrc-2.1\sw\nhrc-3_1.asm
                    Rx0On   0x0002c1    program     static C:\nhrc\trunk\nhrc-2.1\sw\nhrc-3_1.asm
                  Rx0SDeb   0x0002ce    program     static C:\nhrc\trunk\nhrc-2.1\sw\nhrc-3_1.asm
                  Rx01Dbc   0x0002d0    program     static C:\nhrc\trunk\nhrc-2.1\sw\nhrc-3_1.asm
                   Rx0Off   0x0002d4    program     static C:\nhrc\trunk\nhrc-2.1\sw\nhrc-3_1.asm
                  Rx00Dbc   0x0002e0    program     static C:\nhrc\trunk\nhrc-2.1\sw\nhrc-3_1.asm
                    Rx0NC   0x0002e9    program     static C:\nhrc\trunk\nhrc-2.1\sw\nhrc-3_1.asm
                  Rx0Done   0x0002ea    program     static C:\nhrc\trunk\nhrc-2.1\sw\nhrc-3_1.asm
                    NoAlm   0x0002f4    program     static C:\nhrc\trunk\nhrc-2.1\sw\nhrc-3_1.asm
                   AlmOff   0x0002f9    program     static C:\nhrc\trunk\nhrc-2.1\sw\nhrc-3_1.asm
                    NoDeb   0x0002fb    program     static C:\nhrc\trunk\nhrc-2.1\sw\nhrc-3_1.asm
                  AlmDone   0x0002fb    program     static C:\nhrc\trunk\nhrc-2.1\sw\nhrc-3_1.asm
                    RdDT0   0x000305    program     static C:\nhrc\trunk\nhrc-2.1\sw\nhrc-3_1.asm
                   RdDT0m   0x00030a    program     static C:\nhrc\trunk\nhrc-2.1\sw\nhrc-3_1.asm
                   DT0Odd   0x000323    program     static C:\nhrc\trunk\nhrc-2.1\sw\nhrc-3_1.asm
                  DT0Done   0x000324    program     static C:\nhrc\trunk\nhrc-2.1\sw\nhrc-3_1.asm
                   CkDT0L   0x000328    program     static C:\nhrc\trunk\nhrc-2.1\sw\nhrc-3_1.asm
                  CkDT0LZ   0x000333    program     static C:\nhrc\trunk\nhrc-2.1\sw\nhrc-3_1.asm
                 CkDTDone   0x000336    program     static C:\nhrc\trunk\nhrc-2.1\sw\nhrc-3_1.asm
                     CkI2   0x00033f    program     static C:\nhrc\trunk\nhrc-2.1\sw\nhrc-3_1.asm
                     CkI3   0x00034c    program     static C:\nhrc\trunk\nhrc-2.1\sw\nhrc-3_1.asm
                   IIDone   0x000354    program     static C:\nhrc\trunk\nhrc-2.1\sw\nhrc-3_1.asm
                  NIsdTmr   0x00035a    program     static C:\nhrc\trunk\nhrc-2.1\sw\nhrc-3_1.asm
                   ICPcmd   0x000371    program     static C:\nhrc\trunk\nhrc-2.1\sw\nhrc-3_1.asm
                   ICPtbl   0x000377    program     static C:\nhrc\trunk\nhrc-2.1\sw\nhrc-3_1.asm
                  ICPcmd0   0x000387    program     static C:\nhrc\trunk\nhrc-2.1\sw\nhrc-3_1.asm
                  ICPcmd1   0x000388    program     static C:\nhrc\trunk\nhrc-2.1\sw\nhrc-3_1.asm
                  ICPcmd2   0x000397    program     static C:\nhrc\trunk\nhrc-2.1\sw\nhrc-3_1.asm
                  ICPcmd3   0x000399    program     static C:\nhrc\trunk\nhrc-2.1\sw\nhrc-3_1.asm
                  ICPcmd4   0x00039b    program     static C:\nhrc\trunk\nhrc-2.1\sw\nhrc-3_1.asm
                  ICPcmd5   0x0003a4    program     static C:\nhrc\trunk\nhrc-2.1\sw\nhrc-3_1.asm
                  ICPcmd6   0x0003af    program     static C:\nhrc\trunk\nhrc-2.1\sw\nhrc-3_1.asm
                  ICPcmd7   0x0003b3    program     static C:\nhrc\trunk\nhrc-2.1\sw\nhrc-3_1.asm
                  ICPcmd8   0x0003be    program     static C:\nhrc\trunk\nhrc-2.1\sw\nhrc-3_1.asm
                    ICP2B   0x0003c0    program     static C:\nhrc\trunk\nhrc-2.1\sw\nhrc-3_1.asm
                 ICPdelay   0x0003c6    program     static C:\nhrc\trunk\nhrc-2.1\sw\nhrc-3_1.asm
                  ICPplay   0x0003d1    program     static C:\nhrc\trunk\nhrc-2.1\sw\nhrc-3_1.asm
                     ICP7   0x0003df    program     static C:\nhrc\trunk\nhrc-2.1\sw\nhrc-3_1.asm
                   ICPrec   0x0003e1    program     static C:\nhrc\trunk\nhrc-2.1\sw\nhrc-3_1.asm
                 ICPerase   0x0003ee    program     static C:\nhrc\trunk\nhrc-2.1\sw\nhrc-3_1.asm
                  ICPWINT   0x0003fb    program     static C:\nhrc\trunk\nhrc-2.1\sw\nhrc-3_1.asm
                   IQDone   0x0003fd    program     static C:\nhrc\trunk\nhrc-2.1\sw\nhrc-3_1.asm
                   MainLp   0x000400    program     static C:\nhrc\trunk\nhrc-2.1\sw\nhrc-3_1.asm
                    MlTbl   0x000404    program     static C:\nhrc\trunk\nhrc-2.1\sw\nhrc-3_1.asm
                    Main0   0x000409    program     static C:\nhrc\trunk\nhrc-2.1\sw\nhrc-3_1.asm
                   Main0R   0x00041f    program     static C:\nhrc\trunk\nhrc-2.1\sw\nhrc-3_1.asm
                   M0ORec   0x000427    program     static C:\nhrc\trunk\nhrc-2.1\sw\nhrc-3_1.asm
                  Main0on   0x00042e    program     static C:\nhrc\trunk\nhrc-2.1\sw\nhrc-3_1.asm
                   Main00   0x00043b    program     static C:\nhrc\trunk\nhrc-2.1\sw\nhrc-3_1.asm
                  Main00e   0x000443    program     static C:\nhrc\trunk\nhrc-2.1\sw\nhrc-3_1.asm
                  Main00a   0x00044a    program     static C:\nhrc\trunk\nhrc-2.1\sw\nhrc-3_1.asm
                    Stomp   0x000453    program     static C:\nhrc\trunk\nhrc-2.1\sw\nhrc-3_1.asm
                  StompNS   0x00045c    program     static C:\nhrc\trunk\nhrc-2.1\sw\nhrc-3_1.asm
                   Stomp1   0x000463    program     static C:\nhrc\trunk\nhrc-2.1\sw\nhrc-3_1.asm
                   ChkRec   0x00046b    program     static C:\nhrc\trunk\nhrc-2.1\sw\nhrc-3_1.asm
                  NormRec   0x000470    program     static C:\nhrc\trunk\nhrc-2.1\sw\nhrc-3_1.asm
                   SimRec   0x000475    program     static C:\nhrc\trunk\nhrc-2.1\sw\nhrc-3_1.asm
                   Main01   0x000479    program     static C:\nhrc\trunk\nhrc-2.1\sw\nhrc-3_1.asm
                   MainUM   0x000479    program     static C:\nhrc\trunk\nhrc-2.1\sw\nhrc-3_1.asm
                    Main1   0x000486    program     static C:\nhrc\trunk\nhrc-2.1\sw\nhrc-3_1.asm
                   Main1X   0x00049c    program     static C:\nhrc\trunk\nhrc-2.1\sw\nhrc-3_1.asm
                  Main1TO   0x0004a6    program     static C:\nhrc\trunk\nhrc-2.1\sw\nhrc-3_1.asm
                 Main1Off   0x0004a9    program     static C:\nhrc\trunk\nhrc-2.1\sw\nhrc-3_1.asm
                   Main10   0x0004aa    program     static C:\nhrc\trunk\nhrc-2.1\sw\nhrc-3_1.asm
                  Main10m   0x0004b3    program     static C:\nhrc\trunk\nhrc-2.1\sw\nhrc-3_1.asm
                  Main10X   0x0004b7    program     static C:\nhrc\trunk\nhrc-2.1\sw\nhrc-3_1.asm
                  RecEnd1   0x0004bb    program     static C:\nhrc\trunk\nhrc-2.1\sw\nhrc-3_1.asm
                  Main10a   0x0004c4    program     static C:\nhrc\trunk\nhrc-2.1\sw\nhrc-3_1.asm
                  Main10h   0x0004cb    program     static C:\nhrc\trunk\nhrc-2.1\sw\nhrc-3_1.asm
                  Main10s   0x0004cd    program     static C:\nhrc\trunk\nhrc-2.1\sw\nhrc-3_1.asm
                    Main2   0x0004ce    program     static C:\nhrc\trunk\nhrc-2.1\sw\nhrc-3_1.asm
                 Main2Off   0x0004d2    program     static C:\nhrc\trunk\nhrc-2.1\sw\nhrc-3_1.asm
                  Main2Sx   0x0004df    program     static C:\nhrc\trunk\nhrc-2.1\sw\nhrc-3_1.asm
                  Main2TO   0x0004e1    program     static C:\nhrc\trunk\nhrc-2.1\sw\nhrc-3_1.asm
                  Main2Py   0x0004e2    program     static C:\nhrc\trunk\nhrc-2.1\sw\nhrc-3_1.asm
                    Main3   0x0004e4    program     static C:\nhrc\trunk\nhrc-2.1\sw\nhrc-3_1.asm
                 Main3Off   0x0004e7    program     static C:\nhrc\trunk\nhrc-2.1\sw\nhrc-3_1.asm
                  Main3OK   0x0004ee    program     static C:\nhrc\trunk\nhrc-2.1\sw\nhrc-3_1.asm
                    Main4   0x0004f5    program     static C:\nhrc\trunk\nhrc-2.1\sw\nhrc-3_1.asm
                  ChkTmrs   0x0004fb    program     static C:\nhrc\trunk\nhrc-2.1\sw\nhrc-3_1.asm
                   Ck10mS   0x0004fe    program     static C:\nhrc\trunk\nhrc-2.1\sw\nhrc-3_1.asm
                  PulsEnd   0x00050e    program     static C:\nhrc\trunk\nhrc-2.1\sw\nhrc-3_1.asm
                  Ck100mS   0x00050e    program     static C:\nhrc\trunk\nhrc-2.1\sw\nhrc-3_1.asm
                   HangCT   0x000522    program     static C:\nhrc\trunk\nhrc-2.1\sw\nhrc-3_1.asm
                  HangNob   0x00052f    program     static C:\nhrc\trunk\nhrc-2.1\sw\nhrc-3_1.asm
                   USMode   0x000539    program     static C:\nhrc\trunk\nhrc-2.1\sw\nhrc-3_1.asm
                   NoHang   0x000542    program     static C:\nhrc\trunk\nhrc-2.1\sw\nhrc-3_1.asm
                  NoMutTm   0x000549    program     static C:\nhrc\trunk\nhrc-2.1\sw\nhrc-3_1.asm
                     Ck1S   0x000549    program     static C:\nhrc\trunk\nhrc-2.1\sw\nhrc-3_1.asm
                  NoULTmr   0x000552    program     static C:\nhrc\trunk\nhrc-2.1\sw\nhrc-3_1.asm
                    Ck10S   0x000552    program     static C:\nhrc\trunk\nhrc-2.1\sw\nhrc-3_1.asm
                  NoIDTmr   0x00055a    program     static C:\nhrc\trunk\nhrc-2.1\sw\nhrc-3_1.asm
                  NoFanTm   0x000562    program     static C:\nhrc\trunk\nhrc-2.1\sw\nhrc-3_1.asm
                  NoDTATm   0x000567    program     static C:\nhrc\trunk\nhrc-2.1\sw\nhrc-3_1.asm
                    ChkTx   0x000567    program     static C:\nhrc\trunk\nhrc-2.1\sw\nhrc-3_1.asm
                   NoTimr   0x000567    program     static C:\nhrc\trunk\nhrc-2.1\sw\nhrc-3_1.asm
                  NoAlTmr   0x000567    program     static C:\nhrc\trunk\nhrc-2.1\sw\nhrc-3_1.asm
                   ChkTx0   0x000572    program     static C:\nhrc\trunk\nhrc-2.1\sw\nhrc-3_1.asm
                  CWSendr   0x000579    program     static C:\nhrc\trunk\nhrc-2.1\sw\nhrc-3_1.asm
                   ChkTxE   0x000579    program     static C:\nhrc\trunk\nhrc-2.1\sw\nhrc-3_1.asm
                   CWNext   0x000592    program     static C:\nhrc\trunk\nhrc-2.1\sw\nhrc-3_1.asm
                   CWWord   0x0005a0    program     static C:\nhrc\trunk\nhrc-2.1\sw\nhrc-3_1.asm
                  CWKeyUp   0x0005a3    program     static C:\nhrc\trunk\nhrc-2.1\sw\nhrc-3_1.asm
                   CWTest   0x0005aa    program     static C:\nhrc\trunk\nhrc-2.1\sw\nhrc-3_1.asm
                   CWDone   0x0005b8    program     static C:\nhrc\trunk\nhrc-2.1\sw\nhrc-3_1.asm
                  CWDone1   0x0005be    program     static C:\nhrc\trunk\nhrc-2.1\sw\nhrc-3_1.asm
                     NoCW   0x0005bf    program     static C:\nhrc\trunk\nhrc-2.1\sw\nhrc-3_1.asm
                   CkTone   0x0005bf    program     static C:\nhrc\trunk\nhrc-2.1\sw\nhrc-3_1.asm
                   CasEnd   0x0005bf    program     static C:\nhrc\trunk\nhrc-2.1\sw\nhrc-3_1.asm
                    CkDt0   0x0005c1    program     static C:\nhrc\trunk\nhrc-2.1\sw\nhrc-3_1.asm
                  TonDone   0x0005c7    program     static C:\nhrc\trunk\nhrc-2.1\sw\nhrc-3_1.asm
                  BeepTic   0x0005cc    program     static C:\nhrc\trunk\nhrc-2.1\sw\nhrc-3_1.asm
                    NBeep   0x0005d4    program     static C:\nhrc\trunk\nhrc-2.1\sw\nhrc-3_1.asm
                   NoTime   0x0005df    program     static C:\nhrc\trunk\nhrc-2.1\sw\nhrc-3_1.asm
                   PfxDT0   0x0005e2    program     static C:\nhrc\trunk\nhrc-2.1\sw\nhrc-3_1.asm
                   XPfxDT   0x0005f5    program     static C:\nhrc\trunk\nhrc-2.1\sw\nhrc-3_1.asm
                   DTEval   0x0005f6    program     static C:\nhrc\trunk\nhrc-2.1\sw\nhrc-3_1.asm
                  DTEval1   0x000607    program     static C:\nhrc\trunk\nhrc-2.1\sw\nhrc-3_1.asm
                  DTEnext   0x000617    program     static C:\nhrc\trunk\nhrc-2.1\sw\nhrc-3_1.asm
                  DTEvalN   0x00061a    program     static C:\nhrc\trunk\nhrc-2.1\sw\nhrc-3_1.asm
                  DTEvalY   0x000621    program     static C:\nhrc\trunk\nhrc-2.1\sw\nhrc-3_1.asm
                  DTEvalU   0x00062a    program     static C:\nhrc\trunk\nhrc-2.1\sw\nhrc-3_1.asm
                  DTEdone   0x000630    program     static C:\nhrc\trunk\nhrc-2.1\sw\nhrc-3_1.asm
                  LoopEnd   0x000633    program     static C:\nhrc\trunk\nhrc-2.1\sw\nhrc-3_1.asm
                   FanCtl   0x000635    program     static C:\nhrc\trunk\nhrc-2.1\sw\nhrc-3_1.asm
                   LoopE1   0x00063b    program     static C:\nhrc\trunk\nhrc-2.1\sw\nhrc-3_1.asm
                  CpyDTMF   0x00063c    program     static C:\nhrc\trunk\nhrc-2.1\sw\nhrc-3_1.asm
                  CpyDtLp   0x000641    program     static C:\nhrc\trunk\nhrc-2.1\sw\nhrc-3_1.asm
                  CpyDLow   0x00064c    program     static C:\nhrc\trunk\nhrc-2.1\sw\nhrc-3_1.asm
                  CpyDBth   0x00064f    program     static C:\nhrc\trunk\nhrc-2.1\sw\nhrc-3_1.asm
                   SCProc   0x000658    program     static C:\nhrc\trunk\nhrc-2.1\sw\nhrc-3_1.asm
                  SCWrite   0x000665    program     static C:\nhrc\trunk\nhrc-2.1\sw\nhrc-3_1.asm
                  SCWLoop   0x00066c    program     static C:\nhrc\trunk\nhrc-2.1\sw\nhrc-3_1.asm
                   SCSNAK   0x000688    program     static C:\nhrc\trunk\nhrc-2.1\sw\nhrc-3_1.asm
                   SCRead   0x000691    program     static C:\nhrc\trunk\nhrc-2.1\sw\nhrc-3_1.asm
                  SCReadL   0x0006a6    program     static C:\nhrc\trunk\nhrc-2.1\sw\nhrc-3_1.asm
                    SCEnd   0x0006b5    program     static C:\nhrc\trunk\nhrc-2.1\sw\nhrc-3_1.asm
                  CIVGetB   0x0006b8    program     static C:\nhrc\trunk\nhrc-2.1\sw\nhrc-3_1.asm
                    DeHex   0x0006c5    program     static C:\nhrc\trunk\nhrc-2.1\sw\nhrc-3_1.asm
                   DeHexL   0x0006cb    program     static C:\nhrc\trunk\nhrc-2.1\sw\nhrc-3_1.asm
                  SndByte   0x0006cf    program     static C:\nhrc\trunk\nhrc-2.1\sw\nhrc-3_1.asm
                   GetHex   0x0006db    program     static C:\nhrc\trunk\nhrc-2.1\sw\nhrc-3_1.asm
                  GetHex1   0x0006e2    program     static C:\nhrc\trunk\nhrc-2.1\sw\nhrc-3_1.asm
                  CIVPutB   0x0006e5    program     static C:\nhrc\trunk\nhrc-2.1\sw\nhrc-3_1.asm
                   SerOut   0x0006f1    program     static C:\nhrc\trunk\nhrc-2.1\sw\nhrc-3_1.asm
                  NewPlay   0x000707    program     static C:\nhrc\trunk\nhrc-2.1\sw\nhrc-3_1.asm
                  QISDCmd   0x00070f    program     static C:\nhrc\trunk\nhrc-2.1\sw\nhrc-3_1.asm
                   QISDC2   0x000718    program     static C:\nhrc\trunk\nhrc-2.1\sw\nhrc-3_1.asm
                     LCmd   0x000800    program     static C:\nhrc\trunk\nhrc-2.1\sw\nhrc-3_1.asm
                   LTable   0x000805    program     static C:\nhrc\trunk\nhrc-2.1\sw\nhrc-3_1.asm
                    LCmd0   0x00080d    program     static C:\nhrc\trunk\nhrc-2.1\sw\nhrc-3_1.asm
                   LCmd0x   0x000811    program     static C:\nhrc\trunk\nhrc-2.1\sw\nhrc-3_1.asm
                    LCmd1   0x000833    program     static C:\nhrc\trunk\nhrc-2.1\sw\nhrc-3_1.asm
                   LCmd10   0x000845    program     static C:\nhrc\trunk\nhrc-2.1\sw\nhrc-3_1.asm
                    LCmd2   0x00084a    program     static C:\nhrc\trunk\nhrc-2.1\sw\nhrc-3_1.asm
                    LCmd3   0x00085c    program     static C:\nhrc\trunk\nhrc-2.1\sw\nhrc-3_1.asm
                    LCmd4   0x000869    program     static C:\nhrc\trunk\nhrc-2.1\sw\nhrc-3_1.asm
                    LCmd5   0x00086a    program     static C:\nhrc\trunk\nhrc-2.1\sw\nhrc-3_1.asm
                    LCmd6   0x00086b    program     static C:\nhrc\trunk\nhrc-2.1\sw\nhrc-3_1.asm
                    LCmd7   0x00086c    program     static C:\nhrc\trunk\nhrc-2.1\sw\nhrc-3_1.asm
                  LCmdErr   0x000875    program     static C:\nhrc\trunk\nhrc-2.1\sw\nhrc-3_1.asm
                   LCmdOK   0x00087c    program     static C:\nhrc\trunk\nhrc-2.1\sw\nhrc-3_1.asm
                    UlCmd   0x001000    program     static C:\nhrc\trunk\nhrc-2.1\sw\nhrc-3_1.asm
                   UlStar   0x001017    program     static C:\nhrc\trunk\nhrc-2.1\sw\nhrc-3_1.asm
                  ULTable   0x001022    program     static C:\nhrc\trunk\nhrc-2.1\sw\nhrc-3_1.asm
                   UlCmd0   0x001032    program     static C:\nhrc\trunk\nhrc-2.1\sw\nhrc-3_1.asm
                   CtlOpC   0x001048    program     static C:\nhrc\trunk\nhrc-2.1\sw\nhrc-3_1.asm
                  UlCmd01   0x00106d    program     static C:\nhrc\trunk\nhrc-2.1\sw\nhrc-3_1.asm
                  UlCm0ND   0x001081    program     static C:\nhrc\trunk\nhrc-2.1\sw\nhrc-3_1.asm
                  UlCm011   0x001082    program     static C:\nhrc\trunk\nhrc-2.1\sw\nhrc-3_1.asm
                  FixSMsg   0x001089    program     static C:\nhrc\trunk\nhrc-2.1\sw\nhrc-3_1.asm
                   SetDig   0x001093    program     static C:\nhrc\trunk\nhrc-2.1\sw\nhrc-3_1.asm
                  UlCmd0I   0x00109c    program     static C:\nhrc\trunk\nhrc-2.1\sw\nhrc-3_1.asm
                   UlCmd1   0x0010ad    program     static C:\nhrc\trunk\nhrc-2.1\sw\nhrc-3_1.asm
                   UlCmd2   0x0010c7    program     static C:\nhrc\trunk\nhrc-2.1\sw\nhrc-3_1.asm
                  UlCmd2P   0x0010eb    program     static C:\nhrc\trunk\nhrc-2.1\sw\nhrc-3_1.asm
                   UlCmd3   0x0010fc    program     static C:\nhrc\trunk\nhrc-2.1\sw\nhrc-3_1.asm
                  UlCmd3a   0x001125    program     static C:\nhrc\trunk\nhrc-2.1\sw\nhrc-3_1.asm
                   UlCmd4   0x00112b    program     static C:\nhrc\trunk\nhrc-2.1\sw\nhrc-3_1.asm
                   UlCmd5   0x00112c    program     static C:\nhrc\trunk\nhrc-2.1\sw\nhrc-3_1.asm
                   UlCmd6   0x00112d    program     static C:\nhrc\trunk\nhrc-2.1\sw\nhrc-3_1.asm
                   UlCmd7   0x00112e    program     static C:\nhrc\trunk\nhrc-2.1\sw\nhrc-3_1.asm
                  UlCmd71   0x001136    program     static C:\nhrc\trunk\nhrc-2.1\sw\nhrc-3_1.asm
                    UC71P   0x001143    program     static C:\nhrc\trunk\nhrc-2.1\sw\nhrc-3_1.asm
                    UC71R   0x00114b    program     static C:\nhrc\trunk\nhrc-2.1\sw\nhrc-3_1.asm
                   UC71RL   0x00115f    program     static C:\nhrc\trunk\nhrc-2.1\sw\nhrc-3_1.asm
                  UlCmd70   0x00117b    program     static C:\nhrc\trunk\nhrc-2.1\sw\nhrc-3_1.asm
                    UC70R   0x001186    program     static C:\nhrc\trunk\nhrc-2.1\sw\nhrc-3_1.asm
                   UC70RL   0x00118d    program     static C:\nhrc\trunk\nhrc-2.1\sw\nhrc-3_1.asm
                   UlCmd8   0x0011a7    program     static C:\nhrc\trunk\nhrc-2.1\sw\nhrc-3_1.asm
                  UlCmd8P   0x0011c2    program     static C:\nhrc\trunk\nhrc-2.1\sw\nhrc-3_1.asm
                   UlCmd9   0x0011d1    program     static C:\nhrc\trunk\nhrc-2.1\sw\nhrc-3_1.asm
                   UlCmdA   0x0011d1    program     static C:\nhrc\trunk\nhrc-2.1\sw\nhrc-3_1.asm
                   UlCmdB   0x0011d1    program     static C:\nhrc\trunk\nhrc-2.1\sw\nhrc-3_1.asm
                   UlCmdC   0x0011d1    program     static C:\nhrc\trunk\nhrc-2.1\sw\nhrc-3_1.asm
                   UlCmdD   0x0011d1    program     static C:\nhrc\trunk\nhrc-2.1\sw\nhrc-3_1.asm
                   UlCmdE   0x0011d2    program     static C:\nhrc\trunk\nhrc-2.1\sw\nhrc-3_1.asm
                   UlCmdF   0x0011d3    program     static C:\nhrc\trunk\nhrc-2.1\sw\nhrc-3_1.asm
                  UlCmdOK   0x0011d4    program     static C:\nhrc\trunk\nhrc-2.1\sw\nhrc-3_1.asm
                 UlCmdNGx   0x0011d6    program     static C:\nhrc\trunk\nhrc-2.1\sw\nhrc-3_1.asm
                  UlCmdNG   0x0011d8    program     static C:\nhrc\trunk\nhrc-2.1\sw\nhrc-3_1.asm
                    UlErr   0x0011d9    program     static C:\nhrc\trunk\nhrc-2.1\sw\nhrc-3_1.asm
                   PlayCW   0x001800    program     static C:\nhrc\trunk\nhrc-2.1\sw\nhrc-3_1.asm
                  PlayCWe   0x00180d    program     static C:\nhrc\trunk\nhrc-2.1\sw\nhrc-3_1.asm
                  PlayCTx   0x00181d    program     static C:\nhrc\trunk\nhrc-2.1\sw\nhrc-3_1.asm
                   PlayCT   0x001829    program     static C:\nhrc\trunk\nhrc-2.1\sw\nhrc-3_1.asm
                  PlayCT1   0x001847    program     static C:\nhrc\trunk\nhrc-2.1\sw\nhrc-3_1.asm
                 KillBeep   0x00184d    program     static C:\nhrc\trunk\nhrc-2.1\sw\nhrc-3_1.asm
                  GetBeep   0x001852    program     static C:\nhrc\trunk\nhrc-2.1\sw\nhrc-3_1.asm
                 BeepDone   0x00185d    program     static C:\nhrc\trunk\nhrc-2.1\sw\nhrc-3_1.asm
                  SetBeep   0x001863    program     static C:\nhrc\trunk\nhrc-2.1\sw\nhrc-3_1.asm
                   GtBeep   0x001866    program     static C:\nhrc\trunk\nhrc-2.1\sw\nhrc-3_1.asm
                  GtBpTbl   0x00186d    program     static C:\nhrc\trunk\nhrc-2.1\sw\nhrc-3_1.asm
                    GtBEE   0x001871    program     static C:\nhrc\trunk\nhrc-2.1\sw\nhrc-3_1.asm
                   GtBROM   0x001876    program     static C:\nhrc\trunk\nhrc-2.1\sw\nhrc-3_1.asm
                   GtBRAM   0x00187a    program     static C:\nhrc\trunk\nhrc-2.1\sw\nhrc-3_1.asm
                    GtBDT   0x00187f    program     static C:\nhrc\trunk\nhrc-2.1\sw\nhrc-3_1.asm
                    PTTon   0x001881    program     static C:\nhrc\trunk\nhrc-2.1\sw\nhrc-3_1.asm
                  PTTinit   0x00188b    program     static C:\nhrc\trunk\nhrc-2.1\sw\nhrc-3_1.asm
                   PTTset   0x00188c    program     static C:\nhrc\trunk\nhrc-2.1\sw\nhrc-3_1.asm
                   PTTfan   0x001891    program     static C:\nhrc\trunk\nhrc-2.1\sw\nhrc-3_1.asm
                   PTToff   0x001896    program     static C:\nhrc\trunk\nhrc-2.1\sw\nhrc-3_1.asm
                   ReadEE   0x0018a1    program     static C:\nhrc\trunk\nhrc-2.1\sw\nhrc-3_1.asm
                  ReadEEd   0x0018a4    program     static C:\nhrc\trunk\nhrc-2.1\sw\nhrc-3_1.asm
                  ReadEEw   0x0018ab    program     static C:\nhrc\trunk\nhrc-2.1\sw\nhrc-3_1.asm
                  WriteEE   0x0018ba    program     static C:\nhrc\trunk\nhrc-2.1\sw\nhrc-3_1.asm
                   WrEELp   0x0018bd    program     static C:\nhrc\trunk\nhrc-2.1\sw\nhrc-3_1.asm
                  WriteEw   0x0018c4    program     static C:\nhrc\trunk\nhrc-2.1\sw\nhrc-3_1.asm
                   WritEd   0x0018c5    program     static C:\nhrc\trunk\nhrc-2.1\sw\nhrc-3_1.asm
                  WriteEl   0x0018da    program     static C:\nhrc\trunk\nhrc-2.1\sw\nhrc-3_1.asm
                  LoadCtl   0x0018e0    program     static C:\nhrc\trunk\nhrc-2.1\sw\nhrc-3_1.asm
                  GetDNum   0x0018f3    program     static C:\nhrc\trunk\nhrc-2.1\sw\nhrc-3_1.asm
                   GetDN2   0x001905    program     static C:\nhrc\trunk\nhrc-2.1\sw\nhrc-3_1.asm
                   GetDN1   0x001909    program     static C:\nhrc\trunk\nhrc-2.1\sw\nhrc-3_1.asm
                  GetDN99   0x00190d    program     static C:\nhrc\trunk\nhrc-2.1\sw\nhrc-3_1.asm
                  GetCTen   0x00190f    program     static C:\nhrc\trunk\nhrc-2.1\sw\nhrc-3_1.asm
                   PutEEB   0x001919    program     static C:\nhrc\trunk\nhrc-2.1\sw\nhrc-3_1.asm
                   Mult10   0x001925    program     static C:\nhrc\trunk\nhrc-2.1\sw\nhrc-3_1.asm
                   MsgNum   0x00192e    program     static C:\nhrc\trunk\nhrc-2.1\sw\nhrc-3_1.asm
                  MsgNumN   0x001938    program     static C:\nhrc\trunk\nhrc-2.1\sw\nhrc-3_1.asm
                  ISDCmd2   0x00193d    program     static C:\nhrc\trunk\nhrc-2.1\sw\nhrc-3_1.asm
                  ISDCmd3   0x001945    program     static C:\nhrc\trunk\nhrc-2.1\sw\nhrc-3_1.asm
                  ISDCmd7   0x001950    program     static C:\nhrc\trunk\nhrc-2.1\sw\nhrc-3_1.asm
                  SendSPI   0x001968    program     static C:\nhrc\trunk\nhrc-2.1\sw\nhrc-3_1.asm
                  WaitSPI   0x00196a    program     static C:\nhrc\trunk\nhrc-2.1\sw\nhrc-3_1.asm
                    GetCW   0x001c00    program     static C:\nhrc\trunk\nhrc-2.1\sw\nhrc-3_1.asm
                    CWTbl   0x001c06    program     static C:\nhrc\trunk\nhrc-2.1\sw\nhrc-3_1.asm
                   GetCWD   0x001c86    program     static C:\nhrc\trunk\nhrc-2.1\sw\nhrc-3_1.asm
                   CWDTbl   0x001c8c    program     static C:\nhrc\trunk\nhrc-2.1\sw\nhrc-3_1.asm
                   GetIS1   0x001cac    program     static C:\nhrc\trunk\nhrc-2.1\sw\nhrc-3_1.asm
                  GetIS1t   0x001cb1    program     static C:\nhrc\trunk\nhrc-2.1\sw\nhrc-3_1.asm
                   GetIS2   0x001cb5    program     static C:\nhrc\trunk\nhrc-2.1\sw\nhrc-3_1.asm
                  GetIS2t   0x001cba    program     static C:\nhrc\trunk\nhrc-2.1\sw\nhrc-3_1.asm
                   GetIE1   0x001cbe    program     static C:\nhrc\trunk\nhrc-2.1\sw\nhrc-3_1.asm
                  GetIE1t   0x001cc3    program     static C:\nhrc\trunk\nhrc-2.1\sw\nhrc-3_1.asm
                   GetIE2   0x001cc7    program     static C:\nhrc\trunk\nhrc-2.1\sw\nhrc-3_1.asm
                  GetIE2t   0x001ccc    program     static C:\nhrc\trunk\nhrc-2.1\sw\nhrc-3_1.asm
                  InitDat   0x001d00    program     static C:\nhrc\trunk\nhrc-2.1\sw\nhrc-3_1.asm
                  InitTbl   0x001d05    program     static C:\nhrc\trunk\nhrc-2.1\sw\nhrc-3_1.asm
                  GetMask   0x001e00    program     static C:\nhrc\trunk\nhrc-2.1\sw\nhrc-3_1.asm
                   BitTbl   0x001e06    program     static C:\nhrc\trunk\nhrc-2.1\sw\nhrc-3_1.asm
                  Get100s   0x001e0e    program     static C:\nhrc\trunk\nhrc-2.1\sw\nhrc-3_1.asm
                  HundTbl   0x001e13    program     static C:\nhrc\trunk\nhrc-2.1\sw\nhrc-3_1.asm
                  GetTens   0x001e17    program     static C:\nhrc\trunk\nhrc-2.1\sw\nhrc-3_1.asm
                   TenTbl   0x001e1c    program     static C:\nhrc\trunk\nhrc-2.1\sw\nhrc-3_1.asm
                  SetTone   0x001e2c    program     static C:\nhrc\trunk\nhrc-2.1\sw\nhrc-3_1.asm
                 StopTone   0x001e37    program     static C:\nhrc\trunk\nhrc-2.1\sw\nhrc-3_1.asm
                 GetToneL   0x001e39    program     static C:\nhrc\trunk\nhrc-2.1\sw\nhrc-3_1.asm
                   TnTblL   0x001e3e    program     static C:\nhrc\trunk\nhrc-2.1\sw\nhrc-3_1.asm
                 GetToneH   0x001e5e    program     static C:\nhrc\trunk\nhrc-2.1\sw\nhrc-3_1.asm
                   TnTblH   0x001e63    program     static C:\nhrc\trunk\nhrc-2.1\sw\nhrc-3_1.asm
                 MesgTabl   0x001e83    program     static C:\nhrc\trunk\nhrc-2.1\sw\nhrc-3_1.asm
                   MsgTbl   0x001e89    program     static C:\nhrc\trunk\nhrc-2.1\sw\nhrc-3_1.asm
                  MapDTMF   0x001ea9    program     static C:\nhrc\trunk\nhrc-2.1\sw\nhrc-3_1.asm
                    DtTbl   0x001eae    program     static C:\nhrc\trunk\nhrc-2.1\sw\nhrc-3_1.asm
                  CWParms   0x001ebe    program     static C:\nhrc\trunk\nhrc-2.1\sw\nhrc-3_1.asm


